// Jest Snapshot v1, https://goo.gl/fbAQLP

exports[`DepositLayout should match snapshot 1`] = `
<div>
  <div
    data-testid="protected-layout"
  >
    <div
      class="min-h-[calc(100vh-theme(spacing.14))] bg-gradient-to-b from-background to-muted mx-auto max-w-screen-lg"
    >
      <div
        data-testid="test-children"
      >
        Test Content
      </div>
    </div>
  </div>
</div>
`;
