// Jest Snapshot v1, https://goo.gl/fbAQLP

exports[`HomePage should render HomeContent 1`] = `
<div>
  <div
    data-testid="home-content"
  />
</div>
`;
